{
  "schemaVersion": "agent-runtime-h9r-fault-evidence/v2",
  "generatedAt": "2026-09-02T03:45:01.850Z",
  "repositoryRoot": "D:\\clip-compass-refactor-codebase-modernization",
  "createdAfter": "2026-09-02T03:36:07.357Z",
  "taskMatch": "technical-refinement",
  "workerService": "agent-runtime-worker",
  "workerProfile": "agent-runtime",
  "harnessPid": 23340,
  "harnessState": "completed",
  "requireFaultBoundary": true,
  "faultWaitMs": 120000,
  "preArm": {
    "verdict": "PASS",
    "checkedAt": "2026-09-02T03:36:08.502Z",
    "repositoryRoot": "D:\\clip-compass-refactor-codebase-modernization",
    "workerService": "agent-runtime-worker",
    "workerProfile": "agent-runtime",
    "workerContainerId": "75e55efb771f5583d853941601e3aa971b4be5228e8ec83e2c32ec7ab8f41920",
    "composeProject": "clip-compass-refactor-codebase-modernization",
    "composeResolvedProjectName": "clip-compass-refactor-codebase-modernization",
    "composeWorkingDir": "D:\\clip-compass-refactor-codebase-modernization",
    "composeConfigFiles": "D:\\clip-compass-refactor-codebase-modernization\\compose.yaml",
    "repositoryBindSource": "D:\\clip-compass-refactor-codebase-modernization",
    "declaredProfiles": [
      "agent-runtime"
    ],
    "workerRestartCount": 0,
    "workerStatus": "running",
    "workerRestarting": false,
    "workerHostPid": 99121,
    "workerImage": "clip-compass-agent-runtime-local:1.2.0",
    "workerImageId": "sha256:57555b1b3e86b04fc0fd0c36127f33e35be75f75f52346d9d364324c0d993302",
    "workerRestartPolicy": "unless-stopped",
    "faultBoundaryRequired": true,
    "faultBoundaryArmed": true,
    "workerProcessLossBoundary": "repair-checkpoint-after-full-agent",
    "workerProcessLossTaskMatch": "technical-refinement",
    "workerProcessLossWaitMs": 120000,
    "processLossHelperArgs": [
      "run",
      "--rm",
      "--pull=never",
      "--network=none",
      "--read-only",
      "--pid=host",
      "--userns=host",
      "--cap-drop=ALL",
      "--cap-add=KILL",
      "--entrypoint",
      "sh",
      "clip-compass-agent-runtime-local:1.2.0",
      "-lc",
      "kill -KILL 99121"
    ]
  },
  "runId": "run-54a3fff2-289b-4b76-8136-f1dd1b425781",
  "sourceIdentity": {
    "taskId": "run-54a3fff2-289b-4b76-8136-f1dd1b425781:technical-refinement",
    "attempt": 1,
    "dispatchGeneration": 1,
    "fencingToken": 1,
    "checkpointPath": "D:\\clip-compass-refactor-codebase-modernization\\.runtime\\agents\\runs\\run-54a3fff2-289b-4b76-8136-f1dd1b425781\\tasks\\technical-lead--8e0af7eb24bc\\handoff-attempt-1.json.repair-checkpoint.json",
    "checkpointEffectKey": "sha256:b9e225841ad153ca31babbcb8fb4724ab2ebef2213f7335df42ccfd2fd41e494",
    "checkpointStatus": "repair-started",
    "workerContainerId": "75e55efb771f5583d853941601e3aa971b4be5228e8ec83e2c32ec7ab8f41920",
    "workerRestartBefore": 0,
    "workerRestartAfter": 1,
    "workerHostPidBefore": 99121,
    "workerHostPidAfter": 13000,
    "workerImage": "clip-compass-agent-runtime-local:1.2.0",
    "workerRestartPolicy": "unless-stopped",
    "workerRestartedAt": "2026-09-02T03:41:24.192746046Z"
  },
  "replacementIdentity": {
    "taskId": "run-54a3fff2-289b-4b76-8136-f1dd1b425781:technical-refinement",
    "attempt": 1,
    "dispatchGeneration": 2,
    "fencingToken": 2,
    "statusObserved": "running"
  },
  "processLossMechanism": "docker-host-pid-namespace-helper-sigkill",
  "processLossCommand": {
    "commandReturned": true,
    "error": null,
    "targetHostPid": 99121,
    "targetImage": "clip-compass-agent-runtime-local:1.2.0",
    "restartPolicy": "unless-stopped",
    "helperArgs": [
      "run",
      "--rm",
      "--pull=never",
      "--network=none",
      "--read-only",
      "--pid=host",
      "--userns=host",
      "--cap-drop=ALL",
      "--cap-add=KILL",
      "--entrypoint",
      "sh",
      "clip-compass-agent-runtime-local:1.2.0",
      "-lc",
      "kill -KILL 99121"
    ]
  },
  "leaseExpiryForced": true,
  "terminalStatus": "closed",
  "evaluation": {
    "ok": true,
    "checks": {
      "processLossMechanismIsAncestorPidNamespace": true,
      "processLossObserved": true,
      "workerHostPidChanged": true,
      "semanticAttemptPreserved": true,
      "dispatchGenerationAdvancedExactlyOnce": true,
      "fencingTokenAdvancedExactlyOnce": true,
      "exactlyOneMatchingReplacementPrepared": true,
      "exactlyOneMatchingReplacementDispatched": true,
      "exactlyOneMatchingResumeReceipt": true,
      "skippedFullAgentInvocation": true,
      "sameTaskAttemptReceipt": true,
      "checkpointIdentityPreserved": true,
      "noDuplicateRepairEffects": true,
      "replacementLogSkippedOpenCodeLaunch": true
    },
    "resumeReceipt": {
      "sourceTaskAttempt": 1,
      "taskAttempt": 1,
      "sameTaskAttempt": true,
      "dispatchGeneration": 2,
      "fencingToken": 2,
      "repairKind": "qualification-process-loss",
      "repairPass": 1,
      "checkpointStatus": "repair-started",
      "checkpointEffectKey": "sha256:b9e225841ad153ca31babbcb8fb4724ab2ebef2213f7335df42ccfd2fd41e494",
      "sourceRevision": 2,
      "repairedRevision": null,
      "skippedFullAgentInvocation": true,
      "effectKey": "sha256:0e37fa1121e60ebd18fcc3f98708f89634d64a4636b8970c27e38860df4ae61d",
      "authoritative": true
    },
    "replacementPrepared": {
      "taskAttempt": 1,
      "sourceTaskAttempt": 1,
      "preservedSemanticAttempt": true,
      "checkpointStatus": "repair-started",
      "checkpointEffectKey": "sha256:b9e225841ad153ca31babbcb8fb4724ab2ebef2213f7335df42ccfd2fd41e494",
      "sourceDispatchGeneration": 1,
      "dispatchGeneration": 2,
      "sourceFencingToken": 1,
      "fencingToken": 2,
      "preparationReused": true,
      "effectKey": "sha256:904c0e31c91ba4b55d930b33a0a9dd93b68b92a69fbb40934dc75b44bcb4a630"
    },
    "replacementDispatched": {
      "sourceTaskAttempt": 1,
      "taskAttempt": 1,
      "sameTaskAttempt": true,
      "sourceDispatchGeneration": 1,
      "dispatchGeneration": 2,
      "sourceFencingToken": 1,
      "fencingToken": 2,
      "checkpointStatus": "repair-started",
      "checkpointEffectKey": "sha256:b9e225841ad153ca31babbcb8fb4724ab2ebef2213f7335df42ccfd2fd41e494",
      "skippedFullAgentInvocationExpected": true,
      "effectKey": "sha256:504bdbc8297d3cfc4ec7c4033d079b628beec55975b97125affcd681e1e86a40"
    },
    "duplicateRepairEffectKeys": []
  },
  "verdict": "PASS",
  "leaseExpiryForcedAt": "2026-09-02T03:41:19.762Z",
  "leaseExpiryIdentity": {
    "taskId": "run-54a3fff2-289b-4b76-8136-f1dd1b425781:technical-refinement",
    "runId": "run-54a3fff2-289b-4b76-8136-f1dd1b425781",
    "attempt": 1,
    "dispatchGeneration": 1,
    "fencingToken": 1
  }
}
